<html>
<body>
<pre>
<h1>礦ision Build Log</h1>
<h2>Tool Versions:</h2>
IDE-Version: μVision V5.14.0.0
Copyright (C) 2015 ARM Ltd and ARM Germany GmbH. All rights reserved.
License Information: zz zz, zz, LIC=MPP8T-RJPT4-V17P8-3Q4QB-Y5SIS-VKTYV
 
Tool Versions:
Toolchain:       MDK-ARM Standard  Version: 5.14.0.0
Toolchain Path:  D:\keil5\01\ARM\ARMCC\Bin
C Compiler:      Armcc.exe V5.05 update 1 (build 106)
Assembler:       Armasm.exe V5.05 update 1 (build 106)
Linker/Locator:  ArmLink.exe V5.05 update 1 (build 106)
Library Manager: ArmAr.exe V5.05 update 1 (build 106)
Hex Converter:   FromElf.exe V5.05 update 1 (build 106)
CPU DLL:         SARMCM3.DLL V5.14.0.0
Dialog DLL:      DARMSTM.DLL V1.65.0.0
Target DLL:      Segger\JL2CM3.dll V2.99.13.0
Dialog DLL:      TARMSTM.DLL V1.64.0.0
 
<h2>Project:</h2>
C:\Users\wenchaozhang\Desktop\益智模组说明书\检测类\DHT11温湿度传感器\07. STM32 参考代码\DHT11数字温湿度传感器实验\USER\DHT11.uvprojx
Project File Date:  07/25/2015

<h2>Output:</h2>
Build target 'DHT11'
compiling main.c...
linking...
Program Size: Code=27068 RO-data=6456 RW-data=56 ZI-data=1848  
FromELF: creating hex file...
"..\OBJ\DHT11.axf" - 0 Error(s), 0 Warning(s).

<h2>Collection of Component include folders:</h2>
  C:\Users\wenchaozhang\Desktop\益智模组说明书\检测类\DHT11温湿度传感器\07. STM32 参考代码\DHT11数字温湿度传感器实验\USER\RTE
  D:\keil5\02\Keil\STM32F1xx_DFP\1.1.0\Device\Include

<h2>Collection of Component Files used:</h2>
</pre>
</body>
</html>
